// Jest Snapshot v1, https://goo.gl/fbAQLP

exports[`Subtitle renders correctly 1`] = `
<ThemeProvider
  theme={
    Object {
      "colors": Object {
        "black": "#4F4F4F",
        "border": "#BDBDBD",
        "buttonShadow1": "rgba(255, 255, 255, 0) ",
        "buttonShadow2": "rgba(249, 249, 249, 0.9)",
        "charcoal": "#333333",
        "darkGrey": "#8F8F8F",
        "darkShadow": "rgba(0,0,0,0.1)",
        "darkerGrey": "#828282",
        "error": "#DA2752",
        "gradientLeft": "#DA2752",
        "gradientRight": "#E935F8",
        "green": "#219653",
        "grey": "#A8A8A8",
        "inactiveText": "#ADADAD",
        "lightGrey": "#A0A0A0",
        "lightShadow": "rgba(0,0,0,0.16)",
        "offWhite": "#F9F9F9",
        "pureBlack": "#000000",
        "shadow": "rgba(0, 0, 0, 0.15)",
        "white": "#FFFFFF",
        "whiteGrey": "#E0E0E0",
      },
      "fonts": Object {
        "bodyText": "Avenir-Medium",
        "heading": "Montserrat-Bold",
        "title": "Avenir-Heavy",
      },
    }
  }
>
  <Styled(Text)>
    <StyledNativeComponent
      forwardedClass={
        Object {
          "$$typeof": Symbol(react.forward_ref),
          "attrs": Array [],
          "displayName": "Styled(Text)",
          "inlineStyle": InlineStyle {
            "rules": Array [
              "
  align-self: center;
  text-align: center;
  font-size: 18px;
  margin-top: 16px;
  margin-left: 36px;
  margin-right: 36px;
  margin-bottom: 30px;
  font-family: ",
              "Avenir-Medium",
              ";
  color: ",
              "#A8A8A8",
              ";
",
            ],
          },
          "propTypes": Object {
            "accessible": [Function],
            "adjustsFontSizeToFit": [Function],
            "allowFontScaling": [Function],
            "disabled": [Function],
            "ellipsizeMode": [Function],
            "minimumFontScale": [Function],
            "nativeID": [Function],
            "numberOfLines": [Function],
            "onLayout": [Function],
            "onLongPress": [Function],
            "onPress": [Function],
            "pressRetentionOffset": [Function],
            "selectable": [Function],
            "selectionColor": [Function],
            "style": [Function],
            "suppressHighlighting": [Function],
            "testID": [Function],
            "textBreakStrategy": [Function],
          },
          "render": [Function],
          "styledComponentId": "StyledNativeComponent",
          "target": [Function],
          "withComponent": [Function],
          Symbol(Symbol.hasInstance): [Function],
        }
      }
      forwardedRef={null}
    >
      <Text
        style={
          Array [
            Object {
              "alignSelf": "center",
              "color": "#A8A8A8",
              "fontFamily": "Avenir-Medium",
              "fontSize": 18,
              "marginBottom": 30,
              "marginLeft": 36,
              "marginRight": 36,
              "marginTop": 16,
              "textAlign": "center",
            },
          ]
        }
      >
        <Text
          style={
            Array [
              Object {
                "alignSelf": "center",
                "color": "#A8A8A8",
                "fontFamily": "Avenir-Medium",
                "fontSize": 18,
                "marginBottom": 30,
                "marginLeft": 36,
                "marginRight": 36,
                "marginTop": 16,
                "textAlign": "center",
              },
            ]
          }
        >
          Title!
        </Text>
      </Text>
    </StyledNativeComponent>
  </Styled(Text)>
</ThemeProvider>
`;
